<?xml version="1.0" encoding="UTF-8" ?>
<testsuites name="vitest tests" tests="14" failures="0" errors="0" time="9.879">
    <testsuite name="src/use-cases/authenticate.spec.ts" timestamp="2024-10-01T00:33:55.969Z" hostname="LAPTOP-REKGQDDH" tests="3" failures="0" errors="0" skipped="0" time="0.173">
        <testcase classname="src/use-cases/authenticate.spec.ts" name="Authenticate Use Case &gt; should be able to authenticate" time="0.093">
        </testcase>
        <testcase classname="src/use-cases/authenticate.spec.ts" name="Authenticate Use Case &gt; should not be able to authenticate with wrong email" time="0.016">
        </testcase>
        <testcase classname="src/use-cases/authenticate.spec.ts" name="Authenticate Use Case &gt; should not be able to authenticate with wrong email" time="0.05">
        </testcase>
    </testsuite>
    <testsuite name="src/use-cases/fetch-user-check-ins-history.spec.ts" timestamp="2024-10-01T00:33:55.991Z" hostname="LAPTOP-REKGQDDH" tests="2" failures="0" errors="0" skipped="0" time="0.038">
        <testcase classname="src/use-cases/fetch-user-check-ins-history.spec.ts" name="Fetch User Check-in History Use Case &gt; should be able to fetch check-in history" time="0.026">
        </testcase>
        <testcase classname="src/use-cases/fetch-user-check-ins-history.spec.ts" name="Fetch User Check-in History Use Case &gt; should be able to fetch paginated check-in history" time="0.005">
        </testcase>
    </testsuite>
    <testsuite name="src/use-cases/get-user-metrics.spec.ts" timestamp="2024-10-01T00:33:55.997Z" hostname="LAPTOP-REKGQDDH" tests="1" failures="0" errors="0" skipped="0" time="0.022">
        <testcase classname="src/use-cases/get-user-metrics.spec.ts" name="Ger User Metrics Use Case &gt; should be able to get check-ins count from metrics" time="0.015">
        </testcase>
    </testsuite>
    <testsuite name="src/use-cases/get-user-profile.spec.ts" timestamp="2024-10-01T00:33:56.007Z" hostname="LAPTOP-REKGQDDH" tests="2" failures="0" errors="0" skipped="0" time="0.198">
        <testcase classname="src/use-cases/get-user-profile.spec.ts" name="Get User Profile Use Case &gt; should be able to get user profile" time="0.173">
        </testcase>
        <testcase classname="src/use-cases/get-user-profile.spec.ts" name="Get User Profile Use Case &gt; should not be able to get user profile with wrong id" time="0.004">
        </testcase>
    </testsuite>
    <testsuite name="src/use-cases/resgister.spec.ts" timestamp="2024-10-01T00:33:56.020Z" hostname="LAPTOP-REKGQDDH" tests="3" failures="0" errors="0" skipped="0" time="0.214">
        <testcase classname="src/use-cases/resgister.spec.ts" name="Register Use Case &gt; should be able to register" time="0.09">
        </testcase>
        <testcase classname="src/use-cases/resgister.spec.ts" name="Register Use Case &gt; should hash user password upon registration" time="0.045">
        </testcase>
        <testcase classname="src/use-cases/resgister.spec.ts" name="Register Use Case &gt; should not be able to register with same email twice" time="0.067">
        </testcase>
    </testsuite>
    <testsuite name="src/use-cases/validate-check-in.spec.ts" timestamp="2024-10-01T00:33:56.036Z" hostname="LAPTOP-REKGQDDH" tests="3" failures="0" errors="0" skipped="0" time="0.047">
        <testcase classname="src/use-cases/validate-check-in.spec.ts" name="Validate Check-in Use Case &gt; should be able to validate the check-in" time="0.02">
        </testcase>
        <testcase classname="src/use-cases/validate-check-in.spec.ts" name="Validate Check-in Use Case &gt; should not be able to validate an inexistent check-in" time="0.008">
        </testcase>
        <testcase classname="src/use-cases/validate-check-in.spec.ts" name="Validate Check-in Use Case &gt; should not be able to validate the check-in after 20 minutes of its creation" time="0.013">
        </testcase>
    </testsuite>
</testsuites>
